------------------------------------------------------------
TimeQuest Timing Analyzer Summary
------------------------------------------------------------

Type  : Slow Model Setup 'clock_50'
Slack : -8.236
TNS   : -185.779

Type  : Slow Model Setup 'frequency_divider:DIV|temporal'
Slack : -6.454
TNS   : -3528.407

Type  : Slow Model Setup 'LCD_CHAR_ARRAY_0'
Slack : -0.912
TNS   : -2.695

Type  : Slow Model Hold 'clock_50'
Slack : -2.702
TNS   : -2.702

Type  : Slow Model Hold 'LCD_CHAR_ARRAY_0'
Slack : -0.956
TNS   : -139.274

Type  : Slow Model Hold 'frequency_divider:DIV|temporal'
Slack : 0.391
TNS   : 0.000

Type  : Slow Model Minimum Pulse Width 'clock_50'
Slack : -1.380
TNS   : -75.380

Type  : Slow Model Minimum Pulse Width 'LCD_CHAR_ARRAY_0'
Slack : -1.222
TNS   : -1.222

Type  : Slow Model Minimum Pulse Width 'frequency_divider:DIV|temporal'
Slack : -0.500
TNS   : -1053.000

Type  : Fast Model Setup 'clock_50'
Slack : -3.046
TNS   : -47.772

Type  : Fast Model Setup 'frequency_divider:DIV|temporal'
Slack : -2.348
TNS   : -1328.912

Type  : Fast Model Setup 'LCD_CHAR_ARRAY_0'
Slack : -0.039
TNS   : -0.039

Type  : Fast Model Hold 'clock_50'
Slack : -1.687
TNS   : -1.687

Type  : Fast Model Hold 'LCD_CHAR_ARRAY_0'
Slack : -0.229
TNS   : -22.847

Type  : Fast Model Hold 'frequency_divider:DIV|temporal'
Slack : 0.215
TNS   : 0.000

Type  : Fast Model Minimum Pulse Width 'clock_50'
Slack : -1.380
TNS   : -75.380

Type  : Fast Model Minimum Pulse Width 'LCD_CHAR_ARRAY_0'
Slack : -1.222
TNS   : -1.222

Type  : Fast Model Minimum Pulse Width 'frequency_divider:DIV|temporal'
Slack : -0.500
TNS   : -1053.000

------------------------------------------------------------
